BL51 BANKED LINKER/LOCATER V6.22                                                        05/18/2018  20:49:33  PAGE 1


BL51 BANKED LINKER/LOCATER V6.22, INVOKED BY:
C:\KEIL\C51\BIN\BL51.EXE STARTUP.obj, main.obj TO test RAMSIZE (256)


MEMORY MODEL: SMALL WITH FLOATING POINT ARITHMETIC


INPUT MODULES INCLUDED:
  STARTUP.obj (?C_STARTUP)
  main.obj (MAIN)
  C:\KEIL\C51\LIB\C51FPS.LIB (?C?FPMUL)
  C:\KEIL\C51\LIB\C51FPS.LIB (?C?FPDIV)
  C:\KEIL\C51\LIB\C51FPS.LIB (?C?FCAST)
  C:\KEIL\C51\LIB\C51FPS.LIB (?C?CASTF)
  C:\KEIL\C51\LIB\C51FPS.LIB (?C?FPGETOPN)
  C:\KEIL\C51\LIB\C51S.LIB (?C_INIT)
  C:\KEIL\C51\LIB\C51S.LIB (?C?CLDPTR)
  C:\KEIL\C51\LIB\C51S.LIB (?C?ULDIV)
  C:\KEIL\C51\LIB\C51S.LIB (?C?LNEG)
  C:\KEIL\C51\LIB\C51S.LIB (?C?ULCMP)


LINK MAP OF MODULE:  test (?C_STARTUP)


            TYPE    BASE      LENGTH    RELOCATION   SEGMENT NAME
            -----------------------------------------------------

            * * * * * * *   D A T A   M E M O R Y   * * * * * * *
            REG     0000H     0008H     ABSOLUTE     "REG BANK 0"
            REG     0008H     0008H     ABSOLUTE     "REG BANK 1"
            REG     0010H     0008H     ABSOLUTE     "REG BANK 2"
            DATA    0018H     0044H     UNIT         ?DT?MAIN
            IDATA   005CH     0001H     UNIT         ?STACK

            * * * * * * *   C O D E   M E M O R Y   * * * * * * *
            CODE    0000H     0003H     ABSOLUTE     
                    0003H     0008H                  *** GAP ***
            CODE    000BH     0003H     ABSOLUTE     
                    000EH     0005H                  *** GAP ***
            CODE    0013H     0003H     ABSOLUTE     
                    0016H     0005H                  *** GAP ***
            CODE    001BH     0003H     ABSOLUTE     
                    001EH     0005H                  *** GAP ***
            CODE    0023H     0003H     ABSOLUTE     
            CODE    0026H     036BH     UNIT         ?C?LIB_CODE
            CODE    0391H     0191H     UNIT         ?PR?INTERSVR1?MAIN
            CODE    0522H     00E4H     UNIT         ?PR?MAIN?MAIN
            CODE    0606H     00B3H     UNIT         ?PR?COMM?MAIN
            CODE    06B9H     008CH     UNIT         ?C_C51STARTUP
            CODE    0745H     0068H     UNIT         ?PR?TIME1?MAIN
            CODE    07ADH     0061H     UNIT         ?PR?RSINT?MAIN
            CODE    080EH     005EH     UNIT         ?C_INITSEG
            CODE    086CH     0058H     UNIT         ?PR?LENGTH_COUNT?MAIN
            CODE    08C4H     004DH     UNIT         ?PR?DISPLAY_LENGTH?MAIN
            CODE    0911H     004CH     UNIT         ?PR?DISPLAY_TIME?MAIN
            CODE    095DH     004BH     UNIT         ?PR?CONUT?MAIN
            CODE    09A8H     0020H     UNIT         ?PR?_SEND_STR?MAIN
BL51 BANKED LINKER/LOCATER V6.22                                                      05/18/2018  20:49:33  PAGE 2


            CODE    09C8H     001DH     UNIT         ?PR?_DELAY?MAIN
            CODE    09E5H     001AH     UNIT         ?PR?STARTMODULE?MAIN
            CODE    09FFH     0018H     UNIT         ?PR?PWM_SERVOMOTO?MAIN
            CODE    0A17H     0013H     UNIT         ?PR?TIMER0?MAIN
            CODE    0A2AH     0011H     UNIT         ?PR?RUN?MAIN
            CODE    0A3BH     0011H     UNIT         ?PR?BACKRUN?MAIN
            CODE    0A4CH     0011H     UNIT         ?PR?LEFTRUN?MAIN
            CODE    0A5DH     0011H     UNIT         ?PR?RIGHTRUN?MAIN
            CODE    0A6EH     0011H     UNIT         ?PR?STOPRUN?MAIN
            CODE    0A7FH     000CH     UNIT         ?PR?_SEND_CHAR?MAIN



OVERLAY MAP OF MODULE:   test (?C_STARTUP)


SEGMENT
  +--> CALLED SEGMENT
---------------------
?C_C51STARTUP
  +--> ?PR?MAIN?MAIN
  +--> ?C_INITSEG

?PR?MAIN?MAIN
  +--> ?PR?_DELAY?MAIN
  +--> ?PR?STARTMODULE?MAIN
  +--> ?PR?CONUT?MAIN
  +--> ?PR?STOPRUN?MAIN
  +--> ?PR?COMM?MAIN
  +--> ?PR?RUN?MAIN
  +--> ?PR?RIGHTRUN?MAIN

?PR?CONUT?MAIN
  +--> ?PR?STARTMODULE?MAIN

?PR?COMM?MAIN
  +--> ?PR?CONUT?MAIN
  +--> ?PR?STARTMODULE?MAIN
  +--> ?PR?BACKRUN?MAIN
  +--> ?PR?RIGHTRUN?MAIN
  +--> ?PR?LEFTRUN?MAIN

*** NEW ROOT ***************************************************

?PR?RSINT?MAIN
  +--> ?PR?_SEND_STR?MAIN

*** NEW ROOT ***************************************************

?PR?TIME1?MAIN
  +--> ?PR?PWM_SERVOMOTO?MAIN
  +--> ?PR?DISPLAY_TIME?MAIN



SYMBOL TABLE OF MODULE:  test (?C_STARTUP)

BL51 BANKED LINKER/LOCATER V6.22                                                      05/18/2018  20:49:33  PAGE 3


  VALUE           TYPE          NAME
  ----------------------------------

  -------         MODULE        ?C_STARTUP
  C:06B9H         SEGMENT       ?C_C51STARTUP
  I:005CH         SEGMENT       ?STACK
  C:0000H         PUBLIC        ?C_STARTUP
  D:00E0H         SYMBOL        ACC
  D:00F0H         SYMBOL        B
  D:0083H         SYMBOL        DPH
  D:0082H         SYMBOL        DPL
  N:0000H         SYMBOL        IBPSTACK
  N:0100H         SYMBOL        IBPSTACKTOP
  N:0080H         SYMBOL        IDATALEN
  C:06BCH         SYMBOL        IDATALOOP
  N:0000H         SYMBOL        PBPSTACK
  N:0100H         SYMBOL        PBPSTACKTOP
  N:0000H         SYMBOL        PDATALEN
  N:0000H         SYMBOL        PDATASTART
  N:0000H         SYMBOL        PPAGE
  N:0000H         SYMBOL        PPAGEENABLE
  D:00A0H         SYMBOL        PPAGE_SFR
  D:0081H         SYMBOL        SP
  C:06B9H         SYMBOL        STARTUP1
  N:0000H         SYMBOL        XBPSTACK
  N:0000H         SYMBOL        XBPSTACKTOP
  N:0000H         SYMBOL        XDATALEN
  N:0000H         SYMBOL        XDATASTART
  C:0000H         LINE#         126
  C:06B9H         LINE#         133
  C:06BBH         LINE#         134
  C:06BCH         LINE#         135
  C:06BDH         LINE#         136
  C:06BFH         LINE#         185
  C:06C2H         LINE#         196
  -------         ENDMOD        ?C_STARTUP

  -------         MODULE        MAIN
  C:0000H         SYMBOL        _ICE_DUMMY_
  D:0080H         PUBLIC        P0
  D:0018H         PUBLIC        S1
  D:001AH         PUBLIC        S2
  C:0A4CH         PUBLIC        leftrun
  D:001CH         PUBLIC        S3
  B:00A8H.7       PUBLIC        EA
  D:001EH         PUBLIC        S4
  D:0020H         PUBLIC        pwm_val_left
  C:09FFH         PUBLIC        pwm_Servomoto
  C:0960H         PUBLIC        Conut
  D:0021H         PUBLIC        positon
  B:0090H.0       PUBLIC        P1_0
  C:09CFH         PUBLIC        _delay
  B:00A0H.0       PUBLIC        P2_0
  B:0090H.1       PUBLIC        P1_1
  C:086CH         PUBLIC        length_count
  B:00A0H.1       PUBLIC        P2_1
  B:0090H.2       PUBLIC        P1_2
BL51 BANKED LINKER/LOCATER V6.22                                                      05/18/2018  20:49:33  PAGE 4


  D:0025H         PUBLIC        stage_flag
  B:00A0H.2       PUBLIC        P2_2
  B:0090H.3       PUBLIC        P1_3
  B:00A0H.3       PUBLIC        P2_3
  B:0090H.4       PUBLIC        P1_4
  B:00A0H.4       PUBLIC        P2_4
  B:0090H.5       PUBLIC        P1_5
  B:00A0H.5       PUBLIC        P2_5
  B:0090H.6       PUBLIC        P1_6
  B:00A8H.4       PUBLIC        ES
  B:00A0H.6       PUBLIC        P2_6
  B:0090H.7       PUBLIC        P1_7
  B:00A0H.7       PUBLIC        P2_7
  B:0098H.0       PUBLIC        RI
  B:0098H.1       PUBLIC        TI
  C:0A6EH         PUBLIC        stoprun
  D:0026H         PUBLIC        timer
  C:0522H         PUBLIC        main
  D:0028H         PUBLIC        count
  C:0606H         PUBLIC        COMM
  C:0A7FH         PUBLIC        _send_char
  D:002AH         PUBLIC        time
  D:0099H         PUBLIC        SBUF
  D:002CH         PUBLIC        posit
  C:07ADH         PUBLIC        rsint
  C:0391H         PUBLIC        intersvr1
  D:0089H         PUBLIC        TMOD
  D:002DH         PUBLIC        Im
  D:0031H         PUBLIC        Tc
  C:08C4H         PUBLIC        Display_length
  D:0035H         PUBLIC        show
  B:00A8H.3       PUBLIC        ET1
  D:008CH         PUBLIC        TH0
  D:008DH         PUBLIC        TH1
  B:00A8H.2       PUBLIC        EX1
  B:0088H.2       PUBLIC        IT1
  D:008AH         PUBLIC        TL0
  D:008BH         PUBLIC        TL1
  D:0037H         PUBLIC        S
  C:0A17H         PUBLIC        timer0
  D:0039H         PUBLIC        timer1
  C:0A2AH         PUBLIC        run
  D:003AH         PUBLIC        IrOK
  B:0088H.4       PUBLIC        TR0
  D:003BH         PUBLIC        work_time
  B:0088H.6       PUBLIC        TR1
  D:003CH         PUBLIC        timer_int_count
  D:003EH         PUBLIC        discode
  D:004AH         PUBLIC        timer0_count
  C:0745H         PUBLIC        time1
  D:004CH         PUBLIC        f
  D:004DH         PUBLIC        disbuff
  C:09A8H         PUBLIC        _send_str
  D:0051H         PUBLIC        i
  C:0A3BH         PUBLIC        backrun
  C:0911H         PUBLIC        Display_time
  D:0052H         PUBLIC        m
BL51 BANKED LINKER/LOCATER V6.22                                                      05/18/2018  20:49:33  PAGE 5


  D:0056H         PUBLIC        receive_buff
  D:005BH         PUBLIC        push_val_left
  C:0A5DH         PUBLIC        rightrun
  C:09E5H         PUBLIC        StartModule
  C:09CBH         SYMBOL        L?0121
  -------         PROC          L?0120
  -------         ENDPROC       L?0120
  C:09CBH         SYMBOL        L?0121
  -------         PROC          _DELAY
  D:0006H         SYMBOL        x
  -------         DO            
  D:0005H         SYMBOL        i
  -------         ENDDO         
  C:09CFH         LINE#         10
  C:09CFH         LINE#         12
  C:09D9H         LINE#         13
  C:09E4H         LINE#         14
  C:09E4H         LINE#         15
  -------         ENDPROC       _DELAY
  -------         PROC          _SEND_STR
  D:0001H         SYMBOL        s
  C:09A8H         LINE#         18
  C:09A8H         LINE#         19
  C:09A8H         LINE#         20
  C:09AAH         LINE#         21
  C:09AFH         LINE#         22
  C:09B0H         LINE#         24
  C:09B0H         LINE#         26
  C:09B0H         LINE#         27
  C:09B5H         LINE#         28
  C:09B7H         LINE#         29
  C:09BAH         LINE#         30
  C:09BCH         LINE#         31
  C:09C3H         LINE#         32
  C:09C5H         LINE#         33
  C:09C7H         LINE#         35
  C:09C7H         LINE#         37
  -------         ENDPROC       _SEND_STR
  -------         PROC          _SEND_CHAR
  D:0007H         SYMBOL        c
  C:0A7FH         LINE#         39
  C:0A7FH         LINE#         40
  C:0A7FH         LINE#         41
  C:0A81H         LINE#         42
  C:0A83H         LINE#         43
  C:0A86H         LINE#         44
  C:0A88H         LINE#         45
  C:0A8AH         LINE#         47
  -------         ENDPROC       _SEND_CHAR
  -------         PROC          INTERSVR1
  C:0391H         LINE#         67
  C:039EH         LINE#         69
  C:03B5H         LINE#         70
  C:03B7H         LINE#         71
  C:03B9H         LINE#         72
  C:03DAH         LINE#         73
  C:03DAH         LINE#         74
BL51 BANKED LINKER/LOCATER V6.22                                                      05/18/2018  20:49:33  PAGE 6


  C:03E6H         LINE#         75
  C:03ECH         LINE#         77
  C:03ECH         LINE#         79
  C:03F5H         LINE#         80
  C:03F5H         LINE#         81
  C:0417H         LINE#         82
  C:0417H         LINE#         83
  C:0450H         LINE#         84
  C:0450H         LINE#         85
  C:0473H         LINE#         86
  C:0473H         LINE#         87
  C:04A5H         LINE#         88
  C:04A5H         LINE#         89
  C:04B9H         LINE#         90
  C:04B9H         LINE#         91
  C:04C1H         LINE#         92
  C:04C3H         LINE#         93
  C:04CAH         LINE#         94
  C:04CAH         LINE#         95
  C:04CDH         LINE#         96
  C:04D1H         LINE#         97
  C:04D1H         LINE#         98
  C:04D7H         LINE#         99
  C:04D7H         LINE#         100
  C:04DAH         LINE#         101
  C:04DAH         LINE#         102
  C:04DCH         LINE#         103
  C:04E2H         LINE#         104
  C:04E2H         LINE#         105
  C:04E7H         LINE#         106
  C:04E7H         LINE#         107
  C:04E9H         LINE#         108
  C:04EBH         LINE#         109
  C:04F0H         LINE#         110
  C:04F0H         LINE#         111
  C:04F7H         LINE#         112
  C:04F9H         LINE#         114
  C:04FBH         LINE#         116
  C:0500H         LINE#         117
  C:0503H         LINE#         118
  C:0505H         LINE#         120
  C:050AH         LINE#         121
  C:050AH         LINE#         122
  C:050FH         LINE#         123
  C:050FH         LINE#         124
  C:0512H         LINE#         125
  C:0512H         LINE#         126
  C:0512H         LINE#         128
  C:0514H         LINE#         129
  C:0517H         LINE#         130
  C:0517H         LINE#         132
  C:0517H         LINE#         134
  -------         ENDPROC       INTERSVR1
  -------         PROC          RSINT
  -------         DO            
  C:07CAH         SYMBOL        loop
  -------         ENDDO         
BL51 BANKED LINKER/LOCATER V6.22                                                      05/18/2018  20:49:33  PAGE 7


  C:07ADH         LINE#         138
  C:07B8H         LINE#         140
  C:07BBH         LINE#         141
  C:07C1H         LINE#         142
  C:07C8H         LINE#         143
  C:07CAH         LINE#         144
  C:07CAH         LINE#         145
  C:07CCH         LINE#         146
  C:07CFH         LINE#         147
  C:07D7H         LINE#         148
  C:07E0H         LINE#         149
  C:07E7H         LINE#         150
  C:07F2H         LINE#         152
  C:07F2H         LINE#         153
  C:07F9H         LINE#         154
  C:07FBH         LINE#         155
  C:07FDH         LINE#         156
  C:0803H         LINE#         157
  C:0805H         LINE#         158
  -------         ENDPROC       RSINT
  -------         PROC          RUN
  C:0A2AH         LINE#         174
  C:0A2AH         LINE#         175
  C:0A2AH         LINE#         177
  C:0A32H         LINE#         178
  C:0A3AH         LINE#         179
  -------         ENDPROC       RUN
  -------         PROC          BACKRUN
  C:0A3BH         LINE#         182
  C:0A3BH         LINE#         183
  C:0A3BH         LINE#         185
  C:0A43H         LINE#         186
  C:0A4BH         LINE#         187
  -------         ENDPROC       BACKRUN
  -------         PROC          LEFTRUN
  C:0A4CH         LINE#         190
  C:0A4CH         LINE#         191
  C:0A4CH         LINE#         193
  C:0A54H         LINE#         194
  C:0A5CH         LINE#         195
  -------         ENDPROC       LEFTRUN
  -------         PROC          RIGHTRUN
  C:0A5DH         LINE#         198
  C:0A5DH         LINE#         199
  C:0A5DH         LINE#         201
  C:0A65H         LINE#         202
  C:0A6DH         LINE#         203
  -------         ENDPROC       RIGHTRUN
  -------         PROC          STOPRUN
  C:0A6EH         LINE#         205
  C:0A6EH         LINE#         206
  C:0A6EH         LINE#         208
  C:0A76H         LINE#         209
  C:0A7EH         LINE#         210
  -------         ENDPROC       STOPRUN
  -------         PROC          DISPLAY_TIME
  C:0911H         LINE#         222
BL51 BANKED LINKER/LOCATER V6.22                                                      05/18/2018  20:49:33  PAGE 8


  C:0911H         LINE#         223
  C:0911H         LINE#         224
  C:091DH         LINE#         225
  C:0921H         LINE#         226
  C:0929H         LINE#         227
  C:092EH         LINE#         228
  C:0936H         LINE#         229
  C:093BH         LINE#         230
  C:0943H         LINE#         231
  C:0948H         LINE#         232
  C:0950H         LINE#         235
  C:0959H         LINE#         236
  C:095CH         LINE#         237
  -------         ENDPROC       DISPLAY_TIME
  -------         PROC          PWM_SERVOMOTO
  C:09FFH         LINE#         262
  C:09FFH         LINE#         263
  C:09FFH         LINE#         265
  C:0A06H         LINE#         266
  C:0A0AH         LINE#         268
  C:0A0CH         LINE#         269
  C:0A13H         LINE#         270
  C:0A16H         LINE#         272
  -------         ENDPROC       PWM_SERVOMOTO
  -------         PROC          STARTMODULE
  C:09E5H         LINE#         280
  C:09E5H         LINE#         281
  C:09E5H         LINE#         282
  C:09E7H         LINE#         283
  C:09E8H         LINE#         284
  C:09E9H         LINE#         285
  C:09EAH         LINE#         286
  C:09EBH         LINE#         287
  C:09ECH         LINE#         288
  C:09EDH         LINE#         289
  C:09EEH         LINE#         290
  C:09EFH         LINE#         291
  C:09F0H         LINE#         292
  C:09F1H         LINE#         293
  C:09F2H         LINE#         294
  C:09F3H         LINE#         295
  C:09F4H         LINE#         296
  C:09F5H         LINE#         297
  C:09F6H         LINE#         298
  C:09F7H         LINE#         299
  C:09F8H         LINE#         300
  C:09F9H         LINE#         301
  C:09FAH         LINE#         302
  C:09FBH         LINE#         303
  C:09FCH         LINE#         304
  C:09FEH         LINE#         305
  -------         ENDPROC       STARTMODULE
  -------         PROC          L?0122
  -------         ENDPROC       L?0122
  -------         PROC          CONUT
  C:0960H         LINE#         309
  C:0960H         LINE#         310
BL51 BANKED LINKER/LOCATER V6.22                                                      05/18/2018  20:49:33  PAGE 9


  C:0960H         LINE#         311
  C:0963H         LINE#         312
  C:0965H         LINE#         313
  C:0968H         LINE#         314
  C:096AH         LINE#         315
  C:096DH         LINE#         316
  C:096FH         LINE#         317
  C:097FH         LINE#         318
  C:0982H         LINE#         319
  C:0984H         LINE#         320
  C:09A7H         LINE#         324
  -------         ENDPROC       CONUT
  -------         PROC          DISPLAY_LENGTH
  C:08C4H         LINE#         328
  C:08C4H         LINE#         329
  C:08C4H         LINE#         330
  C:08C8H         LINE#         331
  C:08D8H         LINE#         333
  C:08E4H         LINE#         335
  C:08E8H         LINE#         336
  C:08EEH         LINE#         337
  C:08F3H         LINE#         338
  C:08F9H         LINE#         339
  C:08FEH         LINE#         340
  C:0904H         LINE#         341
  C:090DH         LINE#         342
  C:0910H         LINE#         343
  -------         ENDPROC       DISPLAY_LENGTH
  -------         PROC          TIME1
  C:0745H         LINE#         353
  C:074EH         LINE#         355
  C:0751H         LINE#         356
  C:0754H         LINE#         357
  C:075CH         LINE#         358
  C:075EH         LINE#         359
  C:0761H         LINE#         361
  C:0763H         LINE#         362
  C:076AH         LINE#         363
  C:076AH         LINE#         364
  C:076DH         LINE#         365
  C:0770H         LINE#         366
  C:0778H         LINE#         367
  C:0780H         LINE#         368
  C:0780H         LINE#         369
  C:0786H         LINE#         370
  C:078AH         LINE#         371
  C:078AH         LINE#         373
  C:078EH         LINE#         375
  C:078EH         LINE#         376
  C:0793H         LINE#         377
  C:0795H         LINE#         378
  C:079DH         LINE#         379
  C:07A6H         LINE#         380
  C:07A6H         LINE#         381
  C:07A6H         LINE#         384
  -------         ENDPROC       TIME1
  -------         PROC          TIMER0
BL51 BANKED LINKER/LOCATER V6.22                                                      05/18/2018  20:49:33  PAGE 10


  C:0A17H         LINE#         388
  C:0A19H         LINE#         391
  C:0A1CH         LINE#         392
  C:0A1FH         LINE#         393
  C:0A27H         LINE#         394
  -------         ENDPROC       TIMER0
  -------         PROC          COMM
  C:0606H         LINE#         398
  C:0606H         LINE#         399
  C:0606H         LINE#         402
  C:0609H         LINE#         403
  C:060EH         LINE#         404
  C:0619H         LINE#         405
  C:0619H         LINE#         406
  C:061CH         LINE#         407
  C:0622H         LINE#         409
  C:0625H         LINE#         410
  C:062AH         LINE#         411
  C:0635H         LINE#         412
  C:0635H         LINE#         413
  C:0638H         LINE#         414
  C:063EH         LINE#         417
  C:0641H         LINE#         418
  C:0646H         LINE#         419
  C:0651H         LINE#         421
  C:0654H         LINE#         422
  C:0657H         LINE#         423
  C:065DH         LINE#         425
  C:0672H         LINE#         426
  C:0672H         LINE#         427
  C:0675H         LINE#         428
  C:067AH         LINE#         429
  C:0685H         LINE#         430
  C:0685H         LINE#         432
  C:0690H         LINE#         433
  C:0690H         LINE#         434
  C:0693H         LINE#         435
  C:0698H         LINE#         436
  C:06A5H         LINE#         439
  C:06A5H         LINE#         440
  C:06A8H         LINE#         441
  C:06ADH         LINE#         442
  C:06B8H         LINE#         443
  C:06B8H         LINE#         446
  -------         ENDPROC       COMM
  -------         PROC          LENGTH_COUNT
  C:086CH         LINE#         452
  C:086CH         LINE#         453
  C:086CH         LINE#         454
  C:086EH         LINE#         455
  C:0871H         LINE#         456
  C:0873H         LINE#         457
  C:0876H         LINE#         458
  C:0878H         LINE#         459
  C:087BH         LINE#         460
  C:087DH         LINE#         461
  C:088DH         LINE#         462
BL51 BANKED LINKER/LOCATER V6.22                                                      05/18/2018  20:49:33  PAGE 11


  C:08B0H         LINE#         463
  C:08B3H         LINE#         464
  C:08B5H         LINE#         465
  C:08BDH         LINE#         466
  C:08BFH         LINE#         467
  C:08C1H         LINE#         468
  C:08C3H         LINE#         469
  -------         ENDPROC       LENGTH_COUNT
  -------         PROC          MAIN
  C:0522H         LINE#         476
  C:0522H         LINE#         479
  C:0525H         LINE#         481
  C:0527H         LINE#         482
  C:0529H         LINE#         483
  C:052BH         LINE#         484
  C:052DH         LINE#         485
  C:052FH         LINE#         486
  C:0533H         LINE#         487
  C:0535H         LINE#         488
  C:0537H         LINE#         489
  C:0539H         LINE#         490
  C:053BH         LINE#         494
  C:053EH         LINE#         495
  C:0541H         LINE#         496
  C:0544H         LINE#         497
  C:0546H         LINE#         498
  C:0548H         LINE#         499
  C:054AH         LINE#         500
  C:054CH         LINE#         501
  C:054EH         LINE#         502
  C:054EH         LINE#         503
  C:0551H         LINE#         504
  C:0557H         LINE#         505
  C:055DH         LINE#         506
  C:055DH         LINE#         507
  C:0568H         LINE#         508
  C:0568H         LINE#         509
  C:056DH         LINE#         510
  C:0570H         LINE#         511
  C:0573H         LINE#         512
  C:057EH         LINE#         513
  C:057EH         LINE#         514
  C:0581H         LINE#         515
  C:0584H         LINE#         516
  C:0586H         LINE#         518
  C:0591H         LINE#         519
  C:0594H         LINE#         520
  C:0594H         LINE#         522
  C:0596H         LINE#         523
  C:0599H         LINE#         524
  C:059FH         LINE#         525
  C:059FH         LINE#         526
  C:05A2H         LINE#         527
  C:05A4H         LINE#         528
  C:05A6H         LINE#         529
  C:05A8H         LINE#         530
  C:05AAH         LINE#         537
BL51 BANKED LINKER/LOCATER V6.22                                                      05/18/2018  20:49:33  PAGE 12


  C:05ADH         LINE#         538
  C:05B0H         LINE#         539
  C:05B2H         LINE#         540
  C:05B4H         LINE#         541
  C:05B6H         LINE#         542
  C:05B8H         LINE#         543
  C:05BAH         LINE#         544
  C:05BCH         LINE#         545
  C:05BEH         LINE#         546
  C:05C0H         LINE#         550
  C:05C5H         LINE#         551
  C:05C5H         LINE#         552
  C:05C8H         LINE#         553
  C:05CFH         LINE#         554
  C:05D2H         LINE#         555
  C:05D9H         LINE#         556
  C:05DBH         LINE#         557
  C:05DEH         LINE#         558
  C:05E0H         LINE#         559
  C:05E2H         LINE#         560
  C:05E4H         LINE#         561
  C:05EFH         LINE#         562
  C:05EFH         LINE#         563
  C:05F2H         LINE#         564
  C:05F5H         LINE#         565
  C:05F8H         LINE#         566
  C:05FBH         LINE#         567
  C:05FEH         LINE#         568
  C:0601H         LINE#         569
  C:0603H         LINE#         570
  -------         ENDPROC       MAIN
  -------         ENDMOD        MAIN

  -------         MODULE        ?C?FPMUL
  C:0026H         PUBLIC        ?C?FPMUL
  -------         ENDMOD        ?C?FPMUL

  -------         MODULE        ?C?FPDIV
  C:012FH         PUBLIC        ?C?FPDIV
  -------         ENDMOD        ?C?FPDIV

  -------         MODULE        ?C?FCAST
  C:01D6H         PUBLIC        ?C?FCASTC
  C:01D1H         PUBLIC        ?C?FCASTI
  C:01CCH         PUBLIC        ?C?FCASTL
  -------         ENDMOD        ?C?FCAST

  -------         MODULE        ?C?CASTF
  C:020AH         PUBLIC        ?C?CASTF
  -------         ENDMOD        ?C?CASTF

  -------         MODULE        ?C?CLDPTR
  C:028BH         PUBLIC        ?C?CLDPTR
  -------         ENDMOD        ?C?CLDPTR

  -------         MODULE        ?C?ULDIV
  C:02E0H         PUBLIC        ?C?ULDIV
BL51 BANKED LINKER/LOCATER V6.22                                                      05/18/2018  20:49:33  PAGE 13


  -------         ENDMOD        ?C?ULDIV

  -------         MODULE        ?C?LNEG
  C:0372H         PUBLIC        ?C?LNEG
  -------         ENDMOD        ?C?LNEG

  -------         MODULE        ?C?ULCMP
  C:0380H         PUBLIC        ?C?ULCMP
  -------         ENDMOD        ?C?ULCMP

*** WARNING L16: UNCALLED SEGMENT, IGNORED FOR OVERLAY PROCESS
    SEGMENT: ?PR?_SEND_CHAR?MAIN

*** WARNING L16: UNCALLED SEGMENT, IGNORED FOR OVERLAY PROCESS
    SEGMENT: ?PR?DISPLAY_LENGTH?MAIN

*** WARNING L16: UNCALLED SEGMENT, IGNORED FOR OVERLAY PROCESS
    SEGMENT: ?PR?LENGTH_COUNT?MAIN

Program Size: data=93.0 xdata=0 code=2676
LINK/LOCATE RUN COMPLETE.  3 WARNING(S),  0 ERROR(S)
